
> my-v0-project@0.1.0 build
> next build

node.exe : [baseline-
browser-mapping] The 
data in this module 
is over two months 
old.  To ensure 
accurate Baseline 
data, please update: 
`npm i baseline-brows
er-mapping@latest -D`
At C:\Program Files\n
odejs\npm.ps1:29 
char:3
+   & $NODE_EXE 
$NPM_CLI_JS $args
+   ~~~~~~~~~~~~~~~~~
~~~~~~~~~~~~
    + CategoryInfo   
           : NotSpe  
  cified: ([baseli   
 ne-brows...ping@    
latest -D`:Strin    
g) [], RemoteExc    
eption
    + FullyQualified 
   ErrorId : Native  
  CommandError
 
 ΓÜá Warning: 
Next.js inferred 
your workspace root, 
but it may not be 
correct.
 We detected 
multiple lockfiles 
and selected the 
directory of C:\Users
\Work\code\pnpm-lock.
yaml as the root 
directory.
 To silence this 
warning, set 
`turbopack.root` in 
your Next.js config, 
or consider removing 
one of the lockfiles 
if it's not needed.
   See https://nextjs
.org/docs/app/api-ref
erence/config/next-co
nfig-js/turbopack#roo
t-directory for more 
information.
 Detected additional 
lockfiles: 
   * C:\Users\Work\co
de\vnr-ace-frontend\p
npm-lock.yaml

   Γû▓ Next.js 16.0.10 (Turbopack)
   - Environments: .env.local

   Creating an optimized production build ...
[baseline-browser-map
ping] The data in 
this module is over 
two months old.  To 
ensure accurate 
Baseline data, 
please update: `npm 
i baseline-browser-ma
pping@latest -D`

> Build error 
occurred
Error: Turbopack 
build failed with 22 
errors:
./vnr-ace-frontend/ap
p/placements/dashboar
d/page.tsx:7:1
Export API_BASE_URL 
doesn't exist in 
target module
[0m [90m  5 |[39m 
[36mimport[39m { [
33mPlacementsChatbot
[39m } 
[36mfrom[39m [32m"
@/components/placemen
ts-chatbot"[39m
 [90m  6 |[39m 
[36mimport[39m { [
33mTrendingUp[39m[3
3m,[39m 
[33mUsers[39m } 
[36mfrom[39m [32m"
lucide-react"[39m
[31m[1m>[22m[39m
[90m  7 |[39m 
[36mimport[39m { [
33mAPI_BASE_URL[39m 
} [36mfrom[39m 
[32m"@/lib/api"[39m
 [90m    |[39m [31
m[1m^[22m[39m[31m
[1m^[22m[39m[31m
[1m^[22m[39m[31m[
1m^[22m[39m[31m[1
m^[22m[39m[31m[1m
^[22m[39m[31m[1m^
[22m[39m[31m[1m^
[22m[39m[31m[1m^[
22m[39m[31m[1m^[2
2m[39m[31m[1m^[22
m[39m[31m[1m^[22m
[39m[31m[1m^[22m
[39m[31m[1m^[22m[
39m[31m[1m^[22m[3
9m[31m[1m^[22m[39
m[31m[1m^[22m[39m
[31m[1m^[22m[39m
[31m[1m^[22m[39m[
31m[1m^[22m[39m[3
1m[1m^[22m[39m[31
m[1m^[22m[39m[31m
[1m^[22m[39m[31m
[1m^[22m[39m[31m[
1m^[22m[39m[31m[1
m^[22m[39m[31m[1m
^[22m[39m[31m[1m^
[22m[39m[31m[1m^
[22m[39m[31m[1m^[
22m[39m[31m[1m^[2
2m[39m[31m[1m^[22
m[39m[31m[1m^[22m
[39m[31m[1m^[22m
[39m[31m[1m^[22m[
39m[31m[1m^[22m[3
9m[31m[1m^[22m[39
m[31m[1m^[22m[39m
[31m[1m^[22m[39m
[31m[1m^[22m[39m
 [90m  8 |[39m
 [90m  9 |[39m 
[36minterface[39m 
[33mPlacementStats[3
9m {
 [90m 10 |[39m     
stats[33m:[39m { 
label[33m:[39m 
string[33m,[39m 
value[33m:[39m 
string[33m,[39m tre
nd[33m?[39m[33m:[
39m number }[][0m

The export 
API_BASE_URL was not 
found in module [proj
ect]/vnr-ace-frontend
/lib/api.ts 
[app-client] 
(ecmascript).
Did you mean to 
import BASE_URL?
All exports of the 
module are 
statically known (It 
doesn't have dynamic 
exports). So it's 
known statically 
that the requested 
export doesn't exist.

Import traces:
  Client Component 
Browser:
    ./vnr-ace-fronten
d/app/placements/dash
board/page.tsx 
[Client Component 
Browser]
    ./vnr-ace-fronten
d/app/placements/dash
board/page.tsx 
[Server Component]

  Client Component 
SSR:
    ./vnr-ace-fronten
d/app/placements/dash
board/page.tsx 
[Client Component 
SSR]
    ./vnr-ace-fronten
d/app/placements/dash
board/page.tsx 
[Server Component]


./vnr-ace-frontend/ap
p/placements/dashboar
d/page.tsx:7:1
Export API_BASE_URL 
doesn't exist in 
target module
[0m [90m  5 |[39m 
[36mimport[39m { [
33mPlacementsChatbot
[39m } 
[36mfrom[39m [32m"
@/components/placemen
ts-chatbot"[39m
 [90m  6 |[39m 
[36mimport[39m { [
33mTrendingUp[39m[3
3m,[39m 
[33mUsers[39m } 
[36mfrom[39m [32m"
lucide-react"[39m
[31m[1m>[22m[39m
[90m  7 |[39m 
[36mimport[39m { [
33mAPI_BASE_URL[39m 
} [36mfrom[39m 
[32m"@/lib/api"[39m
 [90m    |[39m [31
m[1m^[22m[39m[31m
[1m^[22m[39m[31m
[1m^[22m[39m[31m[
1m^[22m[39m[31m[1
m^[22m[39m[31m[1m
^[22m[39m[31m[1m^
[22m[39m[31m[1m^
[22m[39m[31m[1m^[
22m[39m[31m[1m^[2
2m[39m[31m[1m^[22
m[39m[31m[1m^[22m
[39m[31m[1m^[22m
[39m[31m[1m^[22m[
39m[31m[1m^[22m[3
9m[31m[1m^[22m[39
m[31m[1m^[22m[39m
[31m[1m^[22m[39m
[31m[1m^[22m[39m[
31m[1m^[22m[39m[3
1m[1m^[22m[39m[31
m[1m^[22m[39m[31m
[1m^[22m[39m[31m
[1m^[22m[39m[31m[
1m^[22m[39m[31m[1
m^[22m[39m[31m[1m
^[22m[39m[31m[1m^
[22m[39m[31m[1m^
[22m[39m[31m[1m^[
22m[39m[31m[1m^[2
2m[39m[31m[1m^[22
m[39m[31m[1m^[22m
[39m[31m[1m^[22m
[39m[31m[1m^[22m[
39m[31m[1m^[22m[3
9m[31m[1m^[22m[39
m[31m[1m^[22m[39m
[31m[1m^[22m[39m
[31m[1m^[22m[39m
 [90m  8 |[39m
 [90m  9 |[39m 
[36minterface[39m 
[33mPlacementStats[3
9m {
 [90m 10 |[39m     
stats[33m:[39m { 
label[33m:[39m 
string[33m,[39m 
value[33m:[39m 
string[33m,[39m tre
nd[33m?[39m[33m:[
39m number }[][0m

The export 
API_BASE_URL was not 
found in module [proj
ect]/vnr-ace-frontend
/lib/api.ts 
[app-ssr] 
(ecmascript).
Did you mean to 
import BASE_URL?
All exports of the 
module are 
statically known (It 
doesn't have dynamic 
exports). So it's 
known statically 
that the requested 
export doesn't exist.

Import traces:
  Client Component 
Browser:
    ./vnr-ace-fronten
d/app/placements/dash
board/page.tsx 
[Client Component 
Browser]
    ./vnr-ace-fronten
d/app/placements/dash
board/page.tsx 
[Server Component]

  Client Component 
SSR:
    ./vnr-ace-fronten
d/app/placements/dash
board/page.tsx 
[Client Component 
SSR]
    ./vnr-ace-fronten
d/app/placements/dash
board/page.tsx 
[Server Component]


./vnr-ace-frontend/ap
p/placements/prep/pag
e.tsx:6:1
Export API_BASE_URL 
doesn't exist in 
target module
[0m [90m 4 |[39m 
[36mimport[39m { [
33mPlacementsChatbot
[39m } 
[36mfrom[39m [32m"
@/components/placemen
ts-chatbot"[39m
 [90m 5 |[39m 
[36mimport[39m { [
33mBuilding2[39m[33
m,[39m 
[33mBookOpen[39m } 
[36mfrom[39m [32m"
lucide-react"[39m
[31m[1m>[22m[39m
[90m 6 |[39m 
[36mimport[39m { [
33mAPI_BASE_URL[39m 
} [36mfrom[39m 
[32m"@/lib/api"[39m
 [90m   |[39m [31m
[1m^[22m[39m[31m
[1m^[22m[39m[31m[
1m^[22m[39m[31m[1
m^[22m[39m[31m[1m
^[22m[39m[31m[1m^
[22m[39m[31m[1m^
[22m[39m[31m[1m^[
22m[39m[31m[1m^[2
2m[39m[31m[1m^[22
m[39m[31m[1m^[22m
[39m[31m[1m^[22m
[39m[31m[1m^[22m[
39m[31m[1m^[22m[3
9m[31m[1m^[22m[39
m[31m[1m^[22m[39m
[31m[1m^[22m[39m
[31m[1m^[22m[39m[
31m[1m^[22m[39m[3
1m[1m^[22m[39m[31
m[1m^[22m[39m[31m
[1m^[22m[39m[31m
[1m^[22m[39m[31m[
1m^[22m[39m[31m[1
m^[22m[39m[31m[1m
^[22m[39m[31m[1m^
[22m[39m[31m[1m^
[22m[39m[31m[1m^[
22m[39m[31m[1m^[2
2m[39m[31m[1m^[22
m[39m[31m[1m^[22m
[39m[31m[1m^[22m
[39m[31m[1m^[22m[
39m[31m[1m^[22m[3
9m[31m[1m^[22m[39
m[31m[1m^[22m[39m
[31m[1m^[22m[39m
[31m[1m^[22m[39m[
31m[1m^[22m[39m
 [90m 7 |[39m
 [90m 8 |[39m 
[36mexport[39m 
[36mdefault[39m 
[36mfunction[39m [
33mCompanyPrepPage[3
9m() {
 [90m 9 |[39m     
[36mconst[39m [comp
anies[33m,[39m 
setCompanies] 
[33m=[39m useState
[33m<[39m[33mstring
[39m[][33m>[39m([]
)[0m

The export 
API_BASE_URL was not 
found in module [proj
ect]/vnr-ace-frontend
/lib/api.ts 
[app-client] 
(ecmascript).
Did you mean to 
import BASE_URL?
All exports of the 
module are 
statically known (It 
doesn't have dynamic 
exports). So it's 
known statically 
that the requested 
export doesn't exist.

Import traces:
  Client Component 
Browser:
    ./vnr-ace-fronten
d/app/placements/prep
/page.tsx [Client 
Component Browser]
    ./vnr-ace-fronten
d/app/placements/prep
/page.tsx [Server 
Component]

  Client Component 
SSR:
    ./vnr-ace-fronten
d/app/placements/prep
/page.tsx [Client 
Component SSR]
    ./vnr-ace-fronten
d/app/placements/prep
/page.tsx [Server 
Component]


./vnr-ace-frontend/ap
p/placements/prep/pag
e.tsx:6:1
Export API_BASE_URL 
doesn't exist in 
target module
[0m [90m 4 |[39m 
[36mimport[39m { [
33mPlacementsChatbot
[39m } 
[36mfrom[39m [32m"
@/components/placemen
ts-chatbot"[39m
 [90m 5 |[39m 
[36mimport[39m { [
33mBuilding2[39m[33
m,[39m 
[33mBookOpen[39m } 
[36mfrom[39m [32m"
lucide-react"[39m
[31m[1m>[22m[39m
[90m 6 |[39m 
[36mimport[39m { [
33mAPI_BASE_URL[39m 
} [36mfrom[39m 
[32m"@/lib/api"[39m
 [90m   |[39m [31m
[1m^[22m[39m[31m
[1m^[22m[39m[31m[
1m^[22m[39m[31m[1
m^[22m[39m[31m[1m
^[22m[39m[31m[1m^
[22m[39m[31m[1m^
[22m[39m[31m[1m^[
22m[39m[31m[1m^[2
2m[39m[31m[1m^[22
m[39m[31m[1m^[22m
[39m[31m[1m^[22m
[39m[31m[1m^[22m[
39m[31m[1m^[22m[3
9m[31m[1m^[22m[39
m[31m[1m^[22m[39m
[31m[1m^[22m[39m
[31m[1m^[22m[39m[
31m[1m^[22m[39m[3
1m[1m^[22m[39m[31
m[1m^[22m[39m[31m
[1m^[22m[39m[31m
[1m^[22m[39m[31m[
1m^[22m[39m[31m[1
m^[22m[39m[31m[1m
^[22m[39m[31m[1m^
[22m[39m[31m[1m^
[22m[39m[31m[1m^[
22m[39m[31m[1m^[2
2m[39m[31m[1m^[22
m[39m[31m[1m^[22m
[39m[31m[1m^[22m
[39m[31m[1m^[22m[
39m[31m[1m^[22m[3
9m[31m[1m^[22m[39
m[31m[1m^[22m[39m
[31m[1m^[22m[39m
[31m[1m^[22m[39m[
31m[1m^[22m[39m
 [90m 7 |[39m
 [90m 8 |[39m 
[36mexport[39m 
[36mdefault[39m 
[36mfunction[39m [
33mCompanyPrepPage[3
9m() {
 [90m 9 |[39m     
[36mconst[39m [comp
anies[33m,[39m 
setCompanies] 
[33m=[39m useState
[33m<[39m[33mstring
[39m[][33m>[39m([]
)[0m

The export 
API_BASE_URL was not 
found in module [proj
ect]/vnr-ace-frontend
/lib/api.ts 
[app-ssr] 
(ecmascript).
Did you mean to 
import BASE_URL?
All exports of the 
module are 
statically known (It 
doesn't have dynamic 
exports). So it's 
known statically 
that the requested 
export doesn't exist.

Import traces:
  Client Component 
Browser:
    ./vnr-ace-fronten
d/app/placements/prep
/page.tsx [Client 
Component Browser]
    ./vnr-ace-fronten
d/app/placements/prep
/page.tsx [Server 
Component]

  Client Component 
SSR:
    ./vnr-ace-fronten
d/app/placements/prep
/page.tsx [Client 
Component SSR]
    ./vnr-ace-fronten
d/app/placements/prep
/page.tsx [Server 
Component]


./vnr-ace-frontend/ap
p/placements/resume/p
age.tsx:6:1
Export API_BASE_URL 
doesn't exist in 
target module
[0m [90m 4 |[39m 
[36mimport[39m { [
33mPlacementsChatbot
[39m } 
[36mfrom[39m [32m"
@/components/placemen
ts-chatbot"[39m
 [90m 5 |[39m 
[36mimport[39m { [
33mUploadCloud[39m[
33m,[39m [33mFileTy
pe[39m[33m,[39m [
33mCheckCircle[39m[
33m,[39m [33mAlertC
ircle[39m } 
[36mfrom[39m [32m"
lucide-react"[39m
[31m[1m>[22m[39m
[90m 6 |[39m 
[36mimport[39m { [
33mAPI_BASE_URL[39m 
} [36mfrom[39m 
[32m"@/lib/api"[39m
 [90m   |[39m [31m
[1m^[22m[39m[31m
[1m^[22m[39m[31m[
1m^[22m[39m[31m[1
m^[22m[39m[31m[1m
^[22m[39m[31m[1m^
[22m[39m[31m[1m^
[22m[39m[31m[1m^[
22m[39m[31m[1m^[2
2m[39m[31m[1m^[22
m[39m[31m[1m^[22m
[39m[31m[1m^[22m
[39m[31m[1m^[22m[
39m[31m[1m^[22m[3
9m[31m[1m^[22m[39
m[31m[1m^[22m[39m
[31m[1m^[22m[39m
[31m[1m^[22m[39m[
31m[1m^[22m[39m[3
1m[1m^[22m[39m[31
m[1m^[22m[39m[31m
[1m^[22m[39m[31m
[1m^[22m[39m[31m[
1m^[22m[39m[31m[1
m^[22m[39m[31m[1m
^[22m[39m[31m[1m^
[22m[39m[31m[1m^
[22m[39m[31m[1m^[
22m[39m[31m[1m^[2
2m[39m[31m[1m^[22
m[39m[31m[1m^[22m
[39m[31m[1m^[22m
[39m[31m[1m^[22m[
39m[31m[1m^[22m[3
9m[31m[1m^[22m[39
m[31m[1m^[22m[39m
[31m[1m^[22m[39m
[31m[1m^[22m[39m[
31m[1m^[22m[39m
 [90m 7 |[39m
 [90m 8 |[39m 
[36mexport[39m 
[36mdefault[39m 
[36mfunction[39m [
33mResumeAnalysisPage
[39m() {
 [90m 9 |[39m     
[36mconst[39m 
[file[33m,[39m 
setFile] [33m=[39m 
useState[33m<[39m[
33mFile[39m 
[33m|[39m [36mnull
[39m[33m>[39m([36
mnull[39m)[0m

The export 
API_BASE_URL was not 
found in module [proj
ect]/vnr-ace-frontend
/lib/api.ts 
[app-client] 
(ecmascript).
Did you mean to 
import BASE_URL?
All exports of the 
module are 
statically known (It 
doesn't have dynamic 
exports). So it's 
known statically 
that the requested 
export doesn't exist.

Import traces:
  Client Component 
Browser:
    ./vnr-ace-fronten
d/app/placements/resu
me/page.tsx [Client 
Component Browser]
    ./vnr-ace-fronten
d/app/placements/resu
me/page.tsx [Server 
Component]

  Client Component 
SSR:
    ./vnr-ace-fronten
d/app/placements/resu
me/page.tsx [Client 
Component SSR]
    ./vnr-ace-fronten
d/app/placements/resu
me/page.tsx [Server 
Component]


./vnr-ace-frontend/ap
p/placements/resume/p
age.tsx:6:1
Export API_BASE_URL 
doesn't exist in 
target module
[0m [90m 4 |[39m 
[36mimport[39m { [
33mPlacementsChatbot
[39m } 
[36mfrom[39m [32m"
@/components/placemen
ts-chatbot"[39m
 [90m 5 |[39m 
[36mimport[39m { [
33mUploadCloud[39m[
33m,[39m [33mFileTy
pe[39m[33m,[39m [
33mCheckCircle[39m[
33m,[39m [33mAlertC
ircle[39m } 
[36mfrom[39m [32m"
lucide-react"[39m
[31m[1m>[22m[39m
[90m 6 |[39m 
[36mimport[39m { [
33mAPI_BASE_URL[39m 
} [36mfrom[39m 
[32m"@/lib/api"[39m
 [90m   |[39m [31m
[1m^[22m[39m[31m
[1m^[22m[39m[31m[
1m^[22m[39m[31m[1
m^[22m[39m[31m[1m
^[22m[39m[31m[1m^
[22m[39m[31m[1m^
[22m[39m[31m[1m^[
22m[39m[31m[1m^[2
2m[39m[31m[1m^[22
m[39m[31m[1m^[22m
[39m[31m[1m^[22m
[39m[31m[1m^[22m[
39m[31m[1m^[22m[3
9m[31m[1m^[22m[39
m[31m[1m^[22m[39m
[31m[1m^[22m[39m
[31m[1m^[22m[39m[
31m[1m^[22m[39m[3
1m[1m^[22m[39m[31
m[1m^[22m[39m[31m
[1m^[22m[39m[31m
[1m^[22m[39m[31m[
1m^[22m[39m[31m[1
m^[22m[39m[31m[1m
^[22m[39m[31m[1m^
[22m[39m[31m[1m^
[22m[39m[31m[1m^[
22m[39m[31m[1m^[2
2m[39m[31m[1m^[22
m[39m[31m[1m^[22m
[39m[31m[1m^[22m
[39m[31m[1m^[22m[
39m[31m[1m^[22m[3
9m[31m[1m^[22m[39
m[31m[1m^[22m[39m
[31m[1m^[22m[39m
[31m[1m^[22m[39m[
31m[1m^[22m[39m
 [90m 7 |[39m
 [90m 8 |[39m 
[36mexport[39m 
[36mdefault[39m 
[36mfunction[39m [
33mResumeAnalysisPage
[39m() {
 [90m 9 |[39m     
[36mconst[39m 
[file[33m,[39m 
setFile] [33m=[39m 
useState[33m<[39m[
33mFile[39m 
[33m|[39m [36mnull
[39m[33m>[39m([36
mnull[39m)[0m

The export 
API_BASE_URL was not 
found in module [proj
ect]/vnr-ace-frontend
/lib/api.ts 
[app-ssr] 
(ecmascript).
Did you mean to 
import BASE_URL?
All exports of the 
module are 
statically known (It 
doesn't have dynamic 
exports). So it's 
known statically 
that the requested 
export doesn't exist.

Import traces:
  Client Component 
Browser:
    ./vnr-ace-fronten
d/app/placements/resu
me/page.tsx [Client 
Component Browser]
    ./vnr-ace-fronten
d/app/placements/resu
me/page.tsx [Server 
Component]

  Client Component 
SSR:
    ./vnr-ace-fronten
d/app/placements/resu
me/page.tsx [Client 
Component SSR]
    ./vnr-ace-fronten
d/app/placements/resu
me/page.tsx [Server 
Component]


./vnr-ace-frontend/ap
p/placements/shortlis
ting/page.tsx:6:1
Export API_BASE_URL 
doesn't exist in 
target module
[0m [90m 4 |[39m 
[36mimport[39m { [
33mPlacementsChatbot
[39m } 
[36mfrom[39m [32m"
@/components/placemen
ts-chatbot"[39m
 [90m 5 |[39m 
[36mimport[39m { [
33mSearch[39m[33m,
[39m [33mFilter[39m
[33m,[39m 
[33mBriefcase[39m 
} [36mfrom[39m [32
m"lucide-react"[39m
[31m[1m>[22m[39m
[90m 6 |[39m 
[36mimport[39m { [
33mAPI_BASE_URL[39m 
} [36mfrom[39m 
[32m"@/lib/api"[39m
 [90m   |[39m [31m
[1m^[22m[39m[31m
[1m^[22m[39m[31m[
1m^[22m[39m[31m[1
m^[22m[39m[31m[1m
^[22m[39m[31m[1m^
[22m[39m[31m[1m^
[22m[39m[31m[1m^[
22m[39m[31m[1m^[2
2m[39m[31m[1m^[22
m[39m[31m[1m^[22m
[39m[31m[1m^[22m
[39m[31m[1m^[22m[
39m[31m[1m^[22m[3
9m[31m[1m^[22m[39
m[31m[1m^[22m[39m
[31m[1m^[22m[39m
[31m[1m^[22m[39m[
31m[1m^[22m[39m[3
1m[1m^[22m[39m[31
m[1m^[22m[39m[31m
[1m^[22m[39m[31m
[1m^[22m[39m[31m[
1m^[22m[39m[31m[1
m^[22m[39m[31m[1m
^[22m[39m[31m[1m^
[22m[39m[31m[1m^
[22m[39m[31m[1m^[
22m[39m[31m[1m^[2
2m[39m[31m[1m^[22
m[39m[31m[1m^[22m
[39m[31m[1m^[22m
[39m[31m[1m^[22m[
39m[31m[1m^[22m[3
9m[31m[1m^[22m[39
m[31m[1m^[22m[39m
[31m[1m^[22m[39m
[31m[1m^[22m[39m[
31m[1m^[22m[39m
 [90m 7 |[39m
 [90m 8 |[39m 
[36minterface[39m 
[33mStudent[39m {
 [90m 9 |[39m     
id[33m:[39m 
number[0m

The export 
API_BASE_URL was not 
found in module [proj
ect]/vnr-ace-frontend
/lib/api.ts 
[app-client] 
(ecmascript).
Did you mean to 
import BASE_URL?
All exports of the 
module are 
statically known (It 
doesn't have dynamic 
exports). So it's 
known statically 
that the requested 
export doesn't exist.

Import traces:
  Client Component 
Browser:
    ./vnr-ace-fronten
d/app/placements/shor
tlisting/page.tsx 
[Client Component 
Browser]
    ./vnr-ace-fronten
d/app/placements/shor
tlisting/page.tsx 
[Server Component]

  Client Component 
SSR:
    ./vnr-ace-fronten
d/app/placements/shor
tlisting/page.tsx 
[Client Component 
SSR]
    ./vnr-ace-fronten
d/app/placements/shor
tlisting/page.tsx 
[Server Component]


./vnr-ace-frontend/ap
p/placements/shortlis
ting/page.tsx:6:1
Export API_BASE_URL 
doesn't exist in 
target module
[0m [90m 4 |[39m 
[36mimport[39m { [
33mPlacementsChatbot
[39m } 
[36mfrom[39m [32m"
@/components/placemen
ts-chatbot"[39m
 [90m 5 |[39m 
[36mimport[39m { [
33mSearch[39m[33m,
[39m [33mFilter[39m
[33m,[39m 
[33mBriefcase[39m 
} [36mfrom[39m [32
m"lucide-react"[39m
[31m[1m>[22m[39m
[90m 6 |[39m 
[36mimport[39m { [
33mAPI_BASE_URL[39m 
} [36mfrom[39m 
[32m"@/lib/api"[39m
 [90m   |[39m [31m
[1m^[22m[39m[31m
[1m^[22m[39m[31m[
1m^[22m[39m[31m[1
m^[22m[39m[31m[1m
^[22m[39m[31m[1m^
[22m[39m[31m[1m^
[22m[39m[31m[1m^[
22m[39m[31m[1m^[2
2m[39m[31m[1m^[22
m[39m[31m[1m^[22m
[39m[31m[1m^[22m
[39m[31m[1m^[22m[
39m[31m[1m^[22m[3
9m[31m[1m^[22m[39
m[31m[1m^[22m[39m
[31m[1m^[22m[39m
[31m[1m^[22m[39m[
31m[1m^[22m[39m[3
1m[1m^[22m[39m[31
m[1m^[22m[39m[31m
[1m^[22m[39m[31m
[1m^[22m[39m[31m[
1m^[22m[39m[31m[1
m^[22m[39m[31m[1m
^[22m[39m[31m[1m^
[22m[39m[31m[1m^
[22m[39m[31m[1m^[
22m[39m[31m[1m^[2
2m[39m[31m[1m^[22
m[39m[31m[1m^[22m
[39m[31m[1m^[22m
[39m[31m[1m^[22m[
39m[31m[1m^[22m[3
9m[31m[1m^[22m[39
m[31m[1m^[22m[39m
[31m[1m^[22m[39m
[31m[1m^[22m[39m[
31m[1m^[22m[39m
 [90m 7 |[39m
 [90m 8 |[39m 
[36minterface[39m 
[33mStudent[39m {
 [90m 9 |[39m     
id[33m:[39m 
number[0m

The export 
API_BASE_URL was not 
found in module [proj
ect]/vnr-ace-frontend
/lib/api.ts 
[app-ssr] 
(ecmascript).
Did you mean to 
import BASE_URL?
All exports of the 
module are 
statically known (It 
doesn't have dynamic 
exports). So it's 
known statically 
that the requested 
export doesn't exist.

Import traces:
  Client Component 
Browser:
    ./vnr-ace-fronten
d/app/placements/shor
tlisting/page.tsx 
[Client Component 
Browser]
    ./vnr-ace-fronten
d/app/placements/shor
tlisting/page.tsx 
[Server Component]

  Client Component 
SSR:
    ./vnr-ace-fronten
d/app/placements/shor
tlisting/page.tsx 
[Client Component 
SSR]
    ./vnr-ace-fronten
d/app/placements/shor
tlisting/page.tsx 
[Server Component]


./vnr-ace-frontend/co
mponents/admissions-c
hatbot.tsx:6:1
Export API_BASE_URL 
doesn't exist in 
target module
[0m [90m 4 |[39m 
[36mimport[39m { 
useState[33m,[39m 
useRef[33m,[39m 
useEffect } 
[36mfrom[39m 
[32m"react"[39m
 [90m 5 |[39m 
[36mimport[39m { 
[33mSend[39m } 
[36mfrom[39m [32m"
lucide-react"[39m
[31m[1m>[22m[39m
[90m 6 |[39m 
[36mimport[39m { [
33mAPI_BASE_URL[39m 
} [36mfrom[39m 
[32m"@/lib/api"[39m
 [90m   |[39m [31m
[1m^[22m[39m[31m
[1m^[22m[39m[31m[
1m^[22m[39m[31m[1
m^[22m[39m[31m[1m
^[22m[39m[31m[1m^
[22m[39m[31m[1m^
[22m[39m[31m[1m^[
22m[39m[31m[1m^[2
2m[39m[31m[1m^[22
m[39m[31m[1m^[22m
[39m[31m[1m^[22m
[39m[31m[1m^[22m[
39m[31m[1m^[22m[3
9m[31m[1m^[22m[39
m[31m[1m^[22m[39m
[31m[1m^[22m[39m
[31m[1m^[22m[39m[
31m[1m^[22m[39m[3
1m[1m^[22m[39m[31
m[1m^[22m[39m[31m
[1m^[22m[39m[31m
[1m^[22m[39m[31m[
1m^[22m[39m[31m[1
m^[22m[39m[31m[1m
^[22m[39m[31m[1m^
[22m[39m[31m[1m^
[22m[39m[31m[1m^[
22m[39m[31m[1m^[2
2m[39m[31m[1m^[22
m[39m[31m[1m^[22m
[39m[31m[1m^[22m
[39m[31m[1m^[22m[
39m[31m[1m^[22m[3
9m[31m[1m^[22m[39
m[31m[1m^[22m[39m
[31m[1m^[22m[39m
[31m[1m^[22m[39m[
31m[1m^[22m[39m
 [90m 7 |[39m
 [90m 8 |[39m 
[36minterface[39m 
[33mMessage[39m {
 [90m 9 |[39m   
id[33m:[39m 
string[0m

The export 
API_BASE_URL was not 
found in module [proj
ect]/vnr-ace-frontend
/lib/api.ts 
[app-client] 
(ecmascript).
Did you mean to 
import BASE_URL?
All exports of the 
module are 
statically known (It 
doesn't have dynamic 
exports). So it's 
known statically 
that the requested 
export doesn't exist.

Import traces:
  Client Component 
Browser:
    ./vnr-ace-fronten
d/components/admissio
ns-chatbot.tsx 
[Client Component 
Browser]
    ./vnr-ace-fronten
d/app/admissions/page
.tsx [Client 
Component Browser]
    ./vnr-ace-fronten
d/app/admissions/page
.tsx [Server 
Component]

  Client Component 
SSR:
    ./vnr-ace-fronten
d/components/admissio
ns-chatbot.tsx 
[Client Component 
SSR]
    ./vnr-ace-fronten
d/app/admissions/page
.tsx [Client 
Component SSR]
    ./vnr-ace-fronten
d/app/admissions/page
.tsx [Server 
Component]


./vnr-ace-frontend/co
mponents/admissions-c
hatbot.tsx:6:1
Export API_BASE_URL 
doesn't exist in 
target module
[0m [90m 4 |[39m 
[36mimport[39m { 
useState[33m,[39m 
useRef[33m,[39m 
useEffect } 
[36mfrom[39m 
[32m"react"[39m
 [90m 5 |[39m 
[36mimport[39m { 
[33mSend[39m } 
[36mfrom[39m [32m"
lucide-react"[39m
[31m[1m>[22m[39m
[90m 6 |[39m 
[36mimport[39m { [
33mAPI_BASE_URL[39m 
} [36mfrom[39m 
[32m"@/lib/api"[39m
 [90m   |[39m [31m
[1m^[22m[39m[31m
[1m^[22m[39m[31m[
1m^[22m[39m[31m[1
m^[22m[39m[31m[1m
^[22m[39m[31m[1m^
[22m[39m[31m[1m^
[22m[39m[31m[1m^[
22m[39m[31m[1m^[2
2m[39m[31m[1m^[22
m[39m[31m[1m^[22m
[39m[31m[1m^[22m
[39m[31m[1m^[22m[
39m[31m[1m^[22m[3
9m[31m[1m^[22m[39
m[31m[1m^[22m[39m
[31m[1m^[22m[39m
[31m[1m^[22m[39m[
31m[1m^[22m[39m[3
1m[1m^[22m[39m[31
m[1m^[22m[39m[31m
[1m^[22m[39m[31m
[1m^[22m[39m[31m[
1m^[22m[39m[31m[1
m^[22m[39m[31m[1m
^[22m[39m[31m[1m^
[22m[39m[31m[1m^
[22m[39m[31m[1m^[
22m[39m[31m[1m^[2
2m[39m[31m[1m^[22
m[39m[31m[1m^[22m
[39m[31m[1m^[22m
[39m[31m[1m^[22m[
39m[31m[1m^[22m[3
9m[31m[1m^[22m[39
m[31m[1m^[22m[39m
[31m[1m^[22m[39m
[31m[1m^[22m[39m[
31m[1m^[22m[39m
 [90m 7 |[39m
 [90m 8 |[39m 
[36minterface[39m 
[33mMessage[39m {
 [90m 9 |[39m   
id[33m:[39m 
string[0m

The export 
API_BASE_URL was not 
found in module [proj
ect]/vnr-ace-frontend
/lib/api.ts 
[app-ssr] 
(ecmascript).
Did you mean to 
import BASE_URL?
All exports of the 
module are 
statically known (It 
doesn't have dynamic 
exports). So it's 
known statically 
that the requested 
export doesn't exist.

Import traces:
  Client Component 
Browser:
    ./vnr-ace-fronten
d/components/admissio
ns-chatbot.tsx 
[Client Component 
Browser]
    ./vnr-ace-fronten
d/app/admissions/page
.tsx [Client 
Component Browser]
    ./vnr-ace-fronten
d/app/admissions/page
.tsx [Server 
Component]

  Client Component 
SSR:
    ./vnr-ace-fronten
d/components/admissio
ns-chatbot.tsx 
[Client Component 
SSR]
    ./vnr-ace-fronten
d/app/admissions/page
.tsx [Client 
Component SSR]
    ./vnr-ace-fronten
d/app/admissions/page
.tsx [Server 
Component]


./vnr-ace-frontend/co
mponents/classwork-ch
atbot.tsx:6:1
Export API_BASE_URL 
doesn't exist in 
target module
[0m [90m 4 |[39m 
[36mimport[39m { 
useState[33m,[39m 
useRef[33m,[39m 
useEffect } 
[36mfrom[39m 
[32m"react"[39m
 [90m 5 |[39m 
[36mimport[39m { [
33mSend[39m[33m,[3
9m [33mGraduationCap
[39m } 
[36mfrom[39m [32m"
lucide-react"[39m
[31m[1m>[22m[39m
[90m 6 |[39m 
[36mimport[39m { [
33mAPI_BASE_URL[39m
[33m,[39m getToken 
} [36mfrom[39m 
[32m"@/lib/api"[39m
 [90m   |[39m [31m
[1m^[22m[39m[31m
[1m^[22m[39m[31m[
1m^[22m[39m[31m[1
m^[22m[39m[31m[1m
^[22m[39m[31m[1m^
[22m[39m[31m[1m^
[22m[39m[31m[1m^[
22m[39m[31m[1m^[2
2m[39m[31m[1m^[22
m[39m[31m[1m^[22m
[39m[31m[1m^[22m
[39m[31m[1m^[22m[
39m[31m[1m^[22m[3
9m[31m[1m^[22m[39
m[31m[1m^[22m[39m
[31m[1m^[22m[39m
[31m[1m^[22m[39m[
31m[1m^[22m[39m[3
1m[1m^[22m[39m[31
m[1m^[22m[39m[31m
[1m^[22m[39m[31m
[1m^[22m[39m[31m[
1m^[22m[39m[31m[1
m^[22m[39m[31m[1m
^[22m[39m[31m[1m^
[22m[39m[31m[1m^
[22m[39m[31m[1m^[
22m[39m[31m[1m^[2
2m[39m[31m[1m^[22
m[39m[31m[1m^[22m
[39m[31m[1m^[22m
[39m[31m[1m^[22m[
39m[31m[1m^[22m[3
9m[31m[1m^[22m[39
m[31m[1m^[22m[39m
[31m[1m^[22m[39m
[31m[1m^[22m[39m[
31m[1m^[22m[39m[3
1m[1m^[22m[39m[31
m[1m^[22m[39m[31m
[1m^[22m[39m[31m
[1m^[22m[39m[31m[
1m^[22m[39m[31m[1
m^[22m[39m[31m[1m
^[22m[39m[31m[1m^
[22m[39m[31m[1m^
[22m[39m[31m[1m^[
22m[39m
 [90m 7 |[39m 
[36mimport[39m { 
useAuth } 
[36mfrom[39m [32m"
@/components/auth-pro
vider"[39m
 [90m 8 |[39m
 [90m 9 |[39m 
[36minterface[39m 
[33mMessage[39m 
{[0m

The export 
API_BASE_URL was not 
found in module [proj
ect]/vnr-ace-frontend
/lib/api.ts 
[app-client] 
(ecmascript).
Did you mean to 
import BASE_URL?
All exports of the 
module are 
statically known (It 
doesn't have dynamic 
exports). So it's 
known statically 
that the requested 
export doesn't exist.

Import traces:
  Client Component 
Browser:
    ./vnr-ace-fronten
d/components/classwor
k-chatbot.tsx 
[Client Component 
Browser]
    ./vnr-ace-fronten
d/app/classwork/page.
tsx [Client 
Component Browser]
    ./vnr-ace-fronten
d/app/classwork/page.
tsx [Server 
Component]

  Client Component 
SSR:
    ./vnr-ace-fronten
d/components/classwor
k-chatbot.tsx 
[Client Component 
SSR]
    ./vnr-ace-fronten
d/app/classwork/page.
tsx [Client 
Component SSR]
    ./vnr-ace-fronten
d/app/classwork/page.
tsx [Server 
Component]


./vnr-ace-frontend/co
mponents/classwork-ch
atbot.tsx:6:1
Export API_BASE_URL 
doesn't exist in 
target module
[0m [90m 4 |[39m 
[36mimport[39m { 
useState[33m,[39m 
useRef[33m,[39m 
useEffect } 
[36mfrom[39m 
[32m"react"[39m
 [90m 5 |[39m 
[36mimport[39m { [
33mSend[39m[33m,[3
9m [33mGraduationCap
[39m } 
[36mfrom[39m [32m"
lucide-react"[39m
[31m[1m>[22m[39m
[90m 6 |[39m 
[36mimport[39m { [
33mAPI_BASE_URL[39m
[33m,[39m getToken 
} [36mfrom[39m 
[32m"@/lib/api"[39m
 [90m   |[39m [31m
[1m^[22m[39m[31m
[1m^[22m[39m[31m[
1m^[22m[39m[31m[1
m^[22m[39m[31m[1m
^[22m[39m[31m[1m^
[22m[39m[31m[1m^
[22m[39m[31m[1m^[
22m[39m[31m[1m^[2
2m[39m[31m[1m^[22
m[39m[31m[1m^[22m
[39m[31m[1m^[22m
[39m[31m[1m^[22m[
39m[31m[1m^[22m[3
9m[31m[1m^[22m[39
m[31m[1m^[22m[39m
[31m[1m^[22m[39m
[31m[1m^[22m[39m[
31m[1m^[22m[39m[3
1m[1m^[22m[39m[31
m[1m^[22m[39m[31m
[1m^[22m[39m[31m
[1m^[22m[39m[31m[
1m^[22m[39m[31m[1
m^[22m[39m[31m[1m
^[22m[39m[31m[1m^
[22m[39m[31m[1m^
[22m[39m[31m[1m^[
22m[39m[31m[1m^[2
2m[39m[31m[1m^[22
m[39m[31m[1m^[22m
[39m[31m[1m^[22m
[39m[31m[1m^[22m[
39m[31m[1m^[22m[3
9m[31m[1m^[22m[39
m[31m[1m^[22m[39m
[31m[1m^[22m[39m
[31m[1m^[22m[39m[
31m[1m^[22m[39m[3
1m[1m^[22m[39m[31
m[1m^[22m[39m[31m
[1m^[22m[39m[31m
[1m^[22m[39m[31m[
1m^[22m[39m[31m[1
m^[22m[39m[31m[1m
^[22m[39m[31m[1m^
[22m[39m[31m[1m^
[22m[39m[31m[1m^[
22m[39m
 [90m 7 |[39m 
[36mimport[39m { 
useAuth } 
[36mfrom[39m [32m"
@/components/auth-pro
vider"[39m
 [90m 8 |[39m
 [90m 9 |[39m 
[36minterface[39m 
[33mMessage[39m 
{[0m

The export 
API_BASE_URL was not 
found in module [proj
ect]/vnr-ace-frontend
/lib/api.ts 
[app-ssr] 
(ecmascript).
Did you mean to 
import BASE_URL?
All exports of the 
module are 
statically known (It 
doesn't have dynamic 
exports). So it's 
known statically 
that the requested 
export doesn't exist.

Import traces:
  Client Component 
Browser:
    ./vnr-ace-fronten
d/components/classwor
k-chatbot.tsx 
[Client Component 
Browser]
    ./vnr-ace-fronten
d/app/classwork/page.
tsx [Client 
Component Browser]
    ./vnr-ace-fronten
d/app/classwork/page.
tsx [Server 
Component]

  Client Component 
SSR:
    ./vnr-ace-fronten
d/components/classwor
k-chatbot.tsx 
[Client Component 
SSR]
    ./vnr-ace-fronten
d/app/classwork/page.
tsx [Client 
Component SSR]
    ./vnr-ace-fronten
d/app/classwork/page.
tsx [Server 
Component]


./vnr-ace-frontend/co
mponents/placements-c
hatbot.tsx:6:1
Export API_BASE_URL 
doesn't exist in 
target module
[0m [90m 4 |[39m 
[36mimport[39m { 
useState[33m,[39m 
useRef[33m,[39m 
useEffect } 
[36mfrom[39m 
[32m"react"[39m
 [90m 5 |[39m 
[36mimport[39m { [
33mSend[39m[33m,[3
9m [33mLayoutDashboa
rd[39m[33m,[39m [
33mFileText[39m[33m
,[39m [33mCheckCirc
le[39m[33m,[39m [
33mTrendingUp[39m[3
3m,[39m [33mZap[39
m[33m,[39m [33mBui
lding2[39m[33m,[39
m [33mCode[39m } 
[36mfrom[39m [32m"
lucide-react"[39m
[31m[1m>[22m[39m
[90m 6 |[39m 
[36mimport[39m { [
33mAPI_BASE_URL[39m 
} [36mfrom[39m 
[32m"@/lib/api"[39m
 [90m   |[39m [31m
[1m^[22m[39m[31m
[1m^[22m[39m[31m[
1m^[22m[39m[31m[1
m^[22m[39m[31m[1m
^[22m[39m[31m[1m^
[22m[39m[31m[1m^
[22m[39m[31m[1m^[
22m[39m[31m[1m^[2
2m[39m[31m[1m^[22
m[39m[31m[1m^[22m
[39m[31m[1m^[22m
[39m[31m[1m^[22m[
39m[31m[1m^[22m[3
9m[31m[1m^[22m[39
m[31m[1m^[22m[39m
[31m[1m^[22m[39m
[31m[1m^[22m[39m[
31m[1m^[22m[39m[3
1m[1m^[22m[39m[31
m[1m^[22m[39m[31m
[1m^[22m[39m[31m
[1m^[22m[39m[31m[
1m^[22m[39m[31m[1
m^[22m[39m[31m[1m
^[22m[39m[31m[1m^
[22m[39m[31m[1m^
[22m[39m[31m[1m^[
22m[39m[31m[1m^[2
2m[39m[31m[1m^[22
m[39m[31m[1m^[22m
[39m[31m[1m^[22m
[39m[31m[1m^[22m[
39m[31m[1m^[22m[3
9m[31m[1m^[22m[39
m[31m[1m^[22m[39m
[31m[1m^[22m[39m
[31m[1m^[22m[39m[
31m[1m^[22m[39m
 [90m 7 |[39m
 [90m 8 |[39m 
[36minterface[39m 
[33mMessage[39m {
 [90m 9 |[39m     
id[33m:[39m 
string[0m

The export 
API_BASE_URL was not 
found in module [proj
ect]/vnr-ace-frontend
/lib/api.ts 
[app-client] 
(ecmascript).
Did you mean to 
import BASE_URL?
All exports of the 
module are 
statically known (It 
doesn't have dynamic 
exports). So it's 
known statically 
that the requested 
export doesn't exist.

Import traces:
  Client Component 
Browser:
    ./vnr-ace-fronten
d/components/placemen
ts-chatbot.tsx 
[Client Component 
Browser]
    ./vnr-ace-fronten
d/app/placements/prep
/page.tsx [Client 
Component Browser]
    ./vnr-ace-fronten
d/app/placements/prep
/page.tsx [Server 
Component]

  Client Component 
SSR:
    ./vnr-ace-fronten
d/components/placemen
ts-chatbot.tsx 
[Client Component 
SSR]
    ./vnr-ace-fronten
d/app/placements/prep
/page.tsx [Client 
Component SSR]
    ./vnr-ace-fronten
d/app/placements/prep
/page.tsx [Server 
Component]


./vnr-ace-frontend/co
mponents/placements-c
hatbot.tsx:6:1
Export API_BASE_URL 
doesn't exist in 
target module
[0m [90m 4 |[39m 
[36mimport[39m { 
useState[33m,[39m 
useRef[33m,[39m 
useEffect } 
[36mfrom[39m 
[32m"react"[39m
 [90m 5 |[39m 
[36mimport[39m { [
33mSend[39m[33m,[3
9m [33mLayoutDashboa
rd[39m[33m,[39m [
33mFileText[39m[33m
,[39m [33mCheckCirc
le[39m[33m,[39m [
33mTrendingUp[39m[3
3m,[39m [33mZap[39
m[33m,[39m [33mBui
lding2[39m[33m,[39
m [33mCode[39m } 
[36mfrom[39m [32m"
lucide-react"[39m
[31m[1m>[22m[39m
[90m 6 |[39m 
[36mimport[39m { [
33mAPI_BASE_URL[39m 
} [36mfrom[39m 
[32m"@/lib/api"[39m
 [90m   |[39m [31m
[1m^[22m[39m[31m
[1m^[22m[39m[31m[
1m^[22m[39m[31m[1
m^[22m[39m[31m[1m
^[22m[39m[31m[1m^
[22m[39m[31m[1m^
[22m[39m[31m[1m^[
22m[39m[31m[1m^[2
2m[39m[31m[1m^[22
m[39m[31m[1m^[22m
[39m[31m[1m^[22m
[39m[31m[1m^[22m[
39m[31m[1m^[22m[3
9m[31m[1m^[22m[39
m[31m[1m^[22m[39m
[31m[1m^[22m[39m
[31m[1m^[22m[39m[
31m[1m^[22m[39m[3
1m[1m^[22m[39m[31
m[1m^[22m[39m[31m
[1m^[22m[39m[31m
[1m^[22m[39m[31m[
1m^[22m[39m[31m[1
m^[22m[39m[31m[1m
^[22m[39m[31m[1m^
[22m[39m[31m[1m^
[22m[39m[31m[1m^[
22m[39m[31m[1m^[2
2m[39m[31m[1m^[22
m[39m[31m[1m^[22m
[39m[31m[1m^[22m
[39m[31m[1m^[22m[
39m[31m[1m^[22m[3
9m[31m[1m^[22m[39
m[31m[1m^[22m[39m
[31m[1m^[22m[39m
[31m[1m^[22m[39m[
31m[1m^[22m[39m
 [90m 7 |[39m
 [90m 8 |[39m 
[36minterface[39m 
[33mMessage[39m {
 [90m 9 |[39m     
id[33m:[39m 
string[0m

The export 
API_BASE_URL was not 
found in module [proj
ect]/vnr-ace-frontend
/lib/api.ts 
[app-ssr] 
(ecmascript).
Did you mean to 
import BASE_URL?
All exports of the 
module are 
statically known (It 
doesn't have dynamic 
exports). So it's 
known statically 
that the requested 
export doesn't exist.

Import traces:
  Client Component 
Browser:
    ./vnr-ace-fronten
d/components/placemen
ts-chatbot.tsx 
[Client Component 
Browser]
    ./vnr-ace-fronten
d/app/placements/prep
/page.tsx [Client 
Component Browser]
    ./vnr-ace-fronten
d/app/placements/prep
/page.tsx [Server 
Component]

  Client Component 
SSR:
    ./vnr-ace-fronten
d/components/placemen
ts-chatbot.tsx 
[Client Component 
SSR]
    ./vnr-ace-fronten
d/app/placements/prep
/page.tsx [Client 
Component SSR]
    ./vnr-ace-fronten
d/app/placements/prep
/page.tsx [Server 
Component]


./vnr-ace-frontend/co
mponents/classwork-ch
atbot.tsx:6:1
Export getToken 
doesn't exist in 
target module
[0m [90m 4 |[39m 
[36mimport[39m { 
useState[33m,[39m 
useRef[33m,[39m 
useEffect } 
[36mfrom[39m 
[32m"react"[39m
 [90m 5 |[39m 
[36mimport[39m { [
33mSend[39m[33m,[3
9m [33mGraduationCap
[39m } 
[36mfrom[39m [32m"
lucide-react"[39m
[31m[1m>[22m[39m
[90m 6 |[39m 
[36mimport[39m { [
33mAPI_BASE_URL[39m
[33m,[39m getToken 
} [36mfrom[39m 
[32m"@/lib/api"[39m
 [90m   |[39m [31m
[1m^[22m[39m[31m
[1m^[22m[39m[31m[
1m^[22m[39m[31m[1
m^[22m[39m[31m[1m
^[22m[39m[31m[1m^
[22m[39m[31m[1m^
[22m[39m[31m[1m^[
22m[39m[31m[1m^[2
2m[39m[31m[1m^[22
m[39m[31m[1m^[22m
[39m[31m[1m^[22m
[39m[31m[1m^[22m[
39m[31m[1m^[22m[3
9m[31m[1m^[22m[39
m[31m[1m^[22m[39m
[31m[1m^[22m[39m
[31m[1m^[22m[39m[
31m[1m^[22m[39m[3
1m[1m^[22m[39m[31
m[1m^[22m[39m[31m
[1m^[22m[39m[31m
[1m^[22m[39m[31m[
1m^[22m[39m[31m[1
m^[22m[39m[31m[1m
^[22m[39m[31m[1m^
[22m[39m[31m[1m^
[22m[39m[31m[1m^[
22m[39m[31m[1m^[2
2m[39m[31m[1m^[22
m[39m[31m[1m^[22m
[39m[31m[1m^[22m
[39m[31m[1m^[22m[
39m[31m[1m^[22m[3
9m[31m[1m^[22m[39
m[31m[1m^[22m[39m
[31m[1m^[22m[39m
[31m[1m^[22m[39m[
31m[1m^[22m[39m[3
1m[1m^[22m[39m[31
m[1m^[22m[39m[31m
[1m^[22m[39m[31m
[1m^[22m[39m[31m[
1m^[22m[39m[31m[1
m^[22m[39m[31m[1m
^[22m[39m[31m[1m^
[22m[39m[31m[1m^
[22m[39m[31m[1m^[
22m[39m
 [90m 7 |[39m 
[36mimport[39m { 
useAuth } 
[36mfrom[39m [32m"
@/components/auth-pro
vider"[39m
 [90m 8 |[39m
 [90m 9 |[39m 
[36minterface[39m 
[33mMessage[39m 
{[0m

The export getToken 
was not found in 
module [project]/vnr-
ace-frontend/lib/api.
ts [app-client] 
(ecmascript).
Did you mean to 
import getStudents?
All exports of the 
module are 
statically known (It 
doesn't have dynamic 
exports). So it's 
known statically 
that the requested 
export doesn't exist.

Import traces:
  Client Component 
Browser:
    ./vnr-ace-fronten
d/components/classwor
k-chatbot.tsx 
[Client Component 
Browser]
    ./vnr-ace-fronten
d/app/classwork/page.
tsx [Client 
Component Browser]
    ./vnr-ace-fronten
d/app/classwork/page.
tsx [Server 
Component]

  Client Component 
SSR:
    ./vnr-ace-fronten
d/components/classwor
k-chatbot.tsx 
[Client Component 
SSR]
    ./vnr-ace-fronten
d/app/classwork/page.
tsx [Client 
Component SSR]
    ./vnr-ace-fronten
d/app/classwork/page.
tsx [Server 
Component]


./vnr-ace-frontend/co
mponents/classwork-ch
atbot.tsx:6:1
Export getToken 
doesn't exist in 
target module
[0m [90m 4 |[39m 
[36mimport[39m { 
useState[33m,[39m 
useRef[33m,[39m 
useEffect } 
[36mfrom[39m 
[32m"react"[39m
 [90m 5 |[39m 
[36mimport[39m { [
33mSend[39m[33m,[3
9m [33mGraduationCap
[39m } 
[36mfrom[39m [32m"
lucide-react"[39m
[31m[1m>[22m[39m
[90m 6 |[39m 
[36mimport[39m { [
33mAPI_BASE_URL[39m
[33m,[39m getToken 
} [36mfrom[39m 
[32m"@/lib/api"[39m
 [90m   |[39m [31m
[1m^[22m[39m[31m
[1m^[22m[39m[31m[
1m^[22m[39m[31m[1
m^[22m[39m[31m[1m
^[22m[39m[31m[1m^
[22m[39m[31m[1m^
[22m[39m[31m[1m^[
22m[39m[31m[1m^[2
2m[39m[31m[1m^[22
m[39m[31m[1m^[22m
[39m[31m[1m^[22m
[39m[31m[1m^[22m[
39m[31m[1m^[22m[3
9m[31m[1m^[22m[39
m[31m[1m^[22m[39m
[31m[1m^[22m[39m
[31m[1m^[22m[39m[
31m[1m^[22m[39m[3
1m[1m^[22m[39m[31
m[1m^[22m[39m[31m
[1m^[22m[39m[31m
[1m^[22m[39m[31m[
1m^[22m[39m[31m[1
m^[22m[39m[31m[1m
^[22m[39m[31m[1m^
[22m[39m[31m[1m^
[22m[39m[31m[1m^[
22m[39m[31m[1m^[2
2m[39m[31m[1m^[22
m[39m[31m[1m^[22m
[39m[31m[1m^[22m
[39m[31m[1m^[22m[
39m[31m[1m^[22m[3
9m[31m[1m^[22m[39
m[31m[1m^[22m[39m
[31m[1m^[22m[39m
[31m[1m^[22m[39m[
31m[1m^[22m[39m[3
1m[1m^[22m[39m[31
m[1m^[22m[39m[31m
[1m^[22m[39m[31m
[1m^[22m[39m[31m[
1m^[22m[39m[31m[1
m^[22m[39m[31m[1m
^[22m[39m[31m[1m^
[22m[39m[31m[1m^
[22m[39m[31m[1m^[
22m[39m
 [90m 7 |[39m 
[36mimport[39m { 
useAuth } 
[36mfrom[39m [32m"
@/components/auth-pro
vider"[39m
 [90m 8 |[39m
 [90m 9 |[39m 
[36minterface[39m 
[33mMessage[39m 
{[0m

The export getToken 
was not found in 
module [project]/vnr-
ace-frontend/lib/api.
ts [app-ssr] 
(ecmascript).
Did you mean to 
import getStudents?
All exports of the 
module are 
statically known (It 
doesn't have dynamic 
exports). So it's 
known statically 
that the requested 
export doesn't exist.

Import traces:
  Client Component 
Browser:
    ./vnr-ace-fronten
d/components/classwor
k-chatbot.tsx 
[Client Component 
Browser]
    ./vnr-ace-fronten
d/app/classwork/page.
tsx [Client 
Component Browser]
    ./vnr-ace-fronten
d/app/classwork/page.
tsx [Server 
Component]

  Client Component 
SSR:
    ./vnr-ace-fronten
d/components/classwor
k-chatbot.tsx 
[Client Component 
SSR]
    ./vnr-ace-fronten
d/app/classwork/page.
tsx [Client 
Component SSR]
    ./vnr-ace-fronten
d/app/classwork/page.
tsx [Server 
Component]


./vnr-ace-frontend/co
mponents/auth-provide
r.tsx:8:1
Export login doesn't 
exist in target 
module
[0m [90m  6 |[39m 
[36mimport[39m 
type { [33mUser[39m
[33m,[39m 
[33mUserRole[39m } 
[36mfrom[39m [32m"
@/lib/auth"[39m
 [90m  7 |[39m 
[36mimport[39m { 
mockUsers } 
[36mfrom[39m [32m"
@/lib/auth"[39m 
[90m// Import 
mockUsers for 
fallback details[39m
[31m[1m>[22m[39m
[90m  8 |[39m 
[36mimport[39m 
[33m*[39m 
[36mas[39m api 
[36mfrom[39m 
[32m"@/lib/api"[39m
 [90m    |[39m [31
m[1m^[22m[39m[31m
[1m^[22m[39m[31m
[1m^[22m[39m[31m[
1m^[22m[39m[31m[1
m^[22m[39m[31m[1m
^[22m[39m[31m[1m^
[22m[39m[31m[1m^
[22m[39m[31m[1m^[
22m[39m[31m[1m^[2
2m[39m[31m[1m^[22
m[39m[31m[1m^[22m
[39m[31m[1m^[22m
[39m[31m[1m^[22m[
39m[31m[1m^[22m[3
9m[31m[1m^[22m[39
m[31m[1m^[22m[39m
[31m[1m^[22m[39m
[31m[1m^[22m[39m[
31m[1m^[22m[39m[3
1m[1m^[22m[39m[31
m[1m^[22m[39m[31m
[1m^[22m[39m[31m
[1m^[22m[39m[31m[
1m^[22m[39m[31m[1
m^[22m[39m[31m[1m
^[22m[39m[31m[1m^
[22m[39m[31m[1m^
[22m[39m[31m[1m^[
22m[39m[31m[1m^[2
2m[39m[31m[1m^[22
m[39m
 [90m  9 |[39m
 [90m 10 |[39m 
[36minterface[39m 
[33mAuthContextType[
39m {
 [90m 11 |[39m     
user[33m:[39m 
[33mUser[39m 
[33m|[39m 
[36mnull[39m[0m

The export login was 
not found in module [
project]/vnr-ace-fron
tend/lib/api.ts 
[app-client] 
(ecmascript).
Did you mean to 
import getPredictionP
lacementPercentage?
All exports of the 
module are 
statically known (It 
doesn't have dynamic 
exports). So it's 
known statically 
that the requested 
export doesn't exist.

Import traces:
  Server Component:
    ./vnr-ace-fronten
d/components/auth-pro
vider.tsx
    ./vnr-ace-fronten
d/app/layout.tsx

  Client Component 
Browser:
    ./vnr-ace-fronten
d/components/auth-pro
vider.tsx [Client 
Component Browser]
    ./vnr-ace-fronten
d/app/login/page.tsx 
[Client Component 
Browser]
    ./vnr-ace-fronten
d/app/login/page.tsx 
[Server Component]

  Client Component 
SSR:
    ./vnr-ace-fronten
d/components/auth-pro
vider.tsx [Client 
Component SSR]
    ./vnr-ace-fronten
d/app/login/page.tsx 
[Client Component 
SSR]
    ./vnr-ace-fronten
d/app/login/page.tsx 
[Server Component]


./vnr-ace-frontend/co
mponents/auth-provide
r.tsx:8:1
Export login doesn't 
exist in target 
module
[0m [90m  6 |[39m 
[36mimport[39m 
type { [33mUser[39m
[33m,[39m 
[33mUserRole[39m } 
[36mfrom[39m [32m"
@/lib/auth"[39m
 [90m  7 |[39m 
[36mimport[39m { 
mockUsers } 
[36mfrom[39m [32m"
@/lib/auth"[39m 
[90m// Import 
mockUsers for 
fallback details[39m
[31m[1m>[22m[39m
[90m  8 |[39m 
[36mimport[39m 
[33m*[39m 
[36mas[39m api 
[36mfrom[39m 
[32m"@/lib/api"[39m
 [90m    |[39m [31
m[1m^[22m[39m[31m
[1m^[22m[39m[31m
[1m^[22m[39m[31m[
1m^[22m[39m[31m[1
m^[22m[39m[31m[1m
^[22m[39m[31m[1m^
[22m[39m[31m[1m^
[22m[39m[31m[1m^[
22m[39m[31m[1m^[2
2m[39m[31m[1m^[22
m[39m[31m[1m^[22m
[39m[31m[1m^[22m
[39m[31m[1m^[22m[
39m[31m[1m^[22m[3
9m[31m[1m^[22m[39
m[31m[1m^[22m[39m
[31m[1m^[22m[39m
[31m[1m^[22m[39m[
31m[1m^[22m[39m[3
1m[1m^[22m[39m[31
m[1m^[22m[39m[31m
[1m^[22m[39m[31m
[1m^[22m[39m[31m[
1m^[22m[39m[31m[1
m^[22m[39m[31m[1m
^[22m[39m[31m[1m^
[22m[39m[31m[1m^
[22m[39m[31m[1m^[
22m[39m[31m[1m^[2
2m[39m[31m[1m^[22
m[39m
 [90m  9 |[39m
 [90m 10 |[39m 
[36minterface[39m 
[33mAuthContextType[
39m {
 [90m 11 |[39m     
user[33m:[39m 
[33mUser[39m 
[33m|[39m 
[36mnull[39m[0m

The export login was 
not found in module [
project]/vnr-ace-fron
tend/lib/api.ts 
[app-ssr] 
(ecmascript).
Did you mean to 
import getPredictionP
lacementPercentage?
All exports of the 
module are 
statically known (It 
doesn't have dynamic 
exports). So it's 
known statically 
that the requested 
export doesn't exist.

Import traces:
  Server Component:
    ./vnr-ace-fronten
d/components/auth-pro
vider.tsx
    ./vnr-ace-fronten
d/app/layout.tsx

  Client Component 
Browser:
    ./vnr-ace-fronten
d/components/auth-pro
vider.tsx [Client 
Component Browser]
    ./vnr-ace-fronten
d/app/login/page.tsx 
[Client Component 
Browser]
    ./vnr-ace-fronten
d/app/login/page.tsx 
[Server Component]

  Client Component 
SSR:
    ./vnr-ace-fronten
d/components/auth-pro
vider.tsx [Client 
Component SSR]
    ./vnr-ace-fronten
d/app/login/page.tsx 
[Client Component 
SSR]
    ./vnr-ace-fronten
d/app/login/page.tsx 
[Server Component]


./vnr-ace-frontend/co
mponents/auth-provide
r.tsx:8:1
Export removeToken 
doesn't exist in 
target module
[0m [90m  6 |[39m 
[36mimport[39m 
type { [33mUser[39m
[33m,[39m 
[33mUserRole[39m } 
[36mfrom[39m [32m"
@/lib/auth"[39m
 [90m  7 |[39m 
[36mimport[39m { 
mockUsers } 
[36mfrom[39m [32m"
@/lib/auth"[39m 
[90m// Import 
mockUsers for 
fallback details[39m
[31m[1m>[22m[39m
[90m  8 |[39m 
[36mimport[39m 
[33m*[39m 
[36mas[39m api 
[36mfrom[39m 
[32m"@/lib/api"[39m
 [90m    |[39m [31
m[1m^[22m[39m[31m
[1m^[22m[39m[31m
[1m^[22m[39m[31m[
1m^[22m[39m[31m[1
m^[22m[39m[31m[1m
^[22m[39m[31m[1m^
[22m[39m[31m[1m^
[22m[39m[31m[1m^[
22m[39m[31m[1m^[2
2m[39m[31m[1m^[22
m[39m[31m[1m^[22m
[39m[31m[1m^[22m
[39m[31m[1m^[22m[
39m[31m[1m^[22m[3
9m[31m[1m^[22m[39
m[31m[1m^[22m[39m
[31m[1m^[22m[39m
[31m[1m^[22m[39m[
31m[1m^[22m[39m[3
1m[1m^[22m[39m[31
m[1m^[22m[39m[31m
[1m^[22m[39m[31m
[1m^[22m[39m[31m[
1m^[22m[39m[31m[1
m^[22m[39m[31m[1m
^[22m[39m[31m[1m^
[22m[39m[31m[1m^
[22m[39m[31m[1m^[
22m[39m[31m[1m^[2
2m[39m[31m[1m^[22
m[39m
 [90m  9 |[39m
 [90m 10 |[39m 
[36minterface[39m 
[33mAuthContextType[
39m {
 [90m 11 |[39m     
user[33m:[39m 
[33mUser[39m 
[33m|[39m 
[36mnull[39m[0m

The export 
removeToken was not 
found in module [proj
ect]/vnr-ace-frontend
/lib/api.ts 
[app-client] 
(ecmascript).
Did you mean to 
import 
getMinorDegree?
All exports of the 
module are 
statically known (It 
doesn't have dynamic 
exports). So it's 
known statically 
that the requested 
export doesn't exist.

Import traces:
  Server Component:
    ./vnr-ace-fronten
d/components/auth-pro
vider.tsx
    ./vnr-ace-fronten
d/app/layout.tsx

  Client Component 
Browser:
    ./vnr-ace-fronten
d/components/auth-pro
vider.tsx [Client 
Component Browser]
    ./vnr-ace-fronten
d/app/login/page.tsx 
[Client Component 
Browser]
    ./vnr-ace-fronten
d/app/login/page.tsx 
[Server Component]

  Client Component 
SSR:
    ./vnr-ace-fronten
d/components/auth-pro
vider.tsx [Client 
Component SSR]
    ./vnr-ace-fronten
d/app/login/page.tsx 
[Client Component 
SSR]
    ./vnr-ace-fronten
d/app/login/page.tsx 
[Server Component]


./vnr-ace-frontend/co
mponents/auth-provide
r.tsx:8:1
Export removeToken 
doesn't exist in 
target module
[0m [90m  6 |[39m 
[36mimport[39m 
type { [33mUser[39m
[33m,[39m 
[33mUserRole[39m } 
[36mfrom[39m [32m"
@/lib/auth"[39m
 [90m  7 |[39m 
[36mimport[39m { 
mockUsers } 
[36mfrom[39m [32m"
@/lib/auth"[39m 
[90m// Import 
mockUsers for 
fallback details[39m
[31m[1m>[22m[39m
[90m  8 |[39m 
[36mimport[39m 
[33m*[39m 
[36mas[39m api 
[36mfrom[39m 
[32m"@/lib/api"[39m
 [90m    |[39m [31
m[1m^[22m[39m[31m
[1m^[22m[39m[31m
[1m^[22m[39m[31m[
1m^[22m[39m[31m[1
m^[22m[39m[31m[1m
^[22m[39m[31m[1m^
[22m[39m[31m[1m^
[22m[39m[31m[1m^[
22m[39m[31m[1m^[2
2m[39m[31m[1m^[22
m[39m[31m[1m^[22m
[39m[31m[1m^[22m
[39m[31m[1m^[22m[
39m[31m[1m^[22m[3
9m[31m[1m^[22m[39
m[31m[1m^[22m[39m
[31m[1m^[22m[39m
[31m[1m^[22m[39m[
31m[1m^[22m[39m[3
1m[1m^[22m[39m[31
m[1m^[22m[39m[31m
[1m^[22m[39m[31m
[1m^[22m[39m[31m[
1m^[22m[39m[31m[1
m^[22m[39m[31m[1m
^[22m[39m[31m[1m^
[22m[39m[31m[1m^
[22m[39m[31m[1m^[
22m[39m[31m[1m^[2
2m[39m[31m[1m^[22
m[39m
 [90m  9 |[39m
 [90m 10 |[39m 
[36minterface[39m 
[33mAuthContextType[
39m {
 [90m 11 |[39m     
user[33m:[39m 
[33mUser[39m 
[33m|[39m 
[36mnull[39m[0m

The export 
removeToken was not 
found in module [proj
ect]/vnr-ace-frontend
/lib/api.ts 
[app-ssr] 
(ecmascript).
Did you mean to 
import 
getMinorDegree?
All exports of the 
module are 
statically known (It 
doesn't have dynamic 
exports). So it's 
known statically 
that the requested 
export doesn't exist.

Import traces:
  Server Component:
    ./vnr-ace-fronten
d/components/auth-pro
vider.tsx
    ./vnr-ace-fronten
d/app/layout.tsx

  Client Component 
Browser:
    ./vnr-ace-fronten
d/components/auth-pro
vider.tsx [Client 
Component Browser]
    ./vnr-ace-fronten
d/app/login/page.tsx 
[Client Component 
Browser]
    ./vnr-ace-fronten
d/app/login/page.tsx 
[Server Component]

  Client Component 
SSR:
    ./vnr-ace-fronten
d/components/auth-pro
vider.tsx [Client 
Component SSR]
    ./vnr-ace-fronten
d/app/login/page.tsx 
[Client Component 
SSR]
    ./vnr-ace-fronten
d/app/login/page.tsx 
[Server Component]


./vnr-ace-frontend/co
mponents/auth-provide
r.tsx:8:1
Export setToken 
doesn't exist in 
target module
[0m [90m  6 |[39m 
[36mimport[39m 
type { [33mUser[39m
[33m,[39m 
[33mUserRole[39m } 
[36mfrom[39m [32m"
@/lib/auth"[39m
 [90m  7 |[39m 
[36mimport[39m { 
mockUsers } 
[36mfrom[39m [32m"
@/lib/auth"[39m 
[90m// Import 
mockUsers for 
fallback details[39m
[31m[1m>[22m[39m
[90m  8 |[39m 
[36mimport[39m 
[33m*[39m 
[36mas[39m api 
[36mfrom[39m 
[32m"@/lib/api"[39m
 [90m    |[39m [31
m[1m^[22m[39m[31m
[1m^[22m[39m[31m
[1m^[22m[39m[31m[
1m^[22m[39m[31m[1
m^[22m[39m[31m[1m
^[22m[39m[31m[1m^
[22m[39m[31m[1m^
[22m[39m[31m[1m^[
22m[39m[31m[1m^[2
2m[39m[31m[1m^[22
m[39m[31m[1m^[22m
[39m[31m[1m^[22m
[39m[31m[1m^[22m[
39m[31m[1m^[22m[3
9m[31m[1m^[22m[39
m[31m[1m^[22m[39m
[31m[1m^[22m[39m
[31m[1m^[22m[39m[
31m[1m^[22m[39m[3
1m[1m^[22m[39m[31
m[1m^[22m[39m[31m
[1m^[22m[39m[31m
[1m^[22m[39m[31m[
1m^[22m[39m[31m[1
m^[22m[39m[31m[1m
^[22m[39m[31m[1m^
[22m[39m[31m[1m^
[22m[39m[31m[1m^[
22m[39m[31m[1m^[2
2m[39m[31m[1m^[22
m[39m
 [90m  9 |[39m
 [90m 10 |[39m 
[36minterface[39m 
[33mAuthContextType[
39m {
 [90m 11 |[39m     
user[33m:[39m 
[33mUser[39m 
[33m|[39m 
[36mnull[39m[0m

The export setToken 
was not found in 
module [project]/vnr-
ace-frontend/lib/api.
ts [app-client] 
(ecmascript).
Did you mean to 
import 
getExportStudentsUrl?
All exports of the 
module are 
statically known (It 
doesn't have dynamic 
exports). So it's 
known statically 
that the requested 
export doesn't exist.

Import traces:
  Server Component:
    ./vnr-ace-fronten
d/components/auth-pro
vider.tsx
    ./vnr-ace-fronten
d/app/layout.tsx

  Client Component 
Browser:
    ./vnr-ace-fronten
d/components/auth-pro
vider.tsx [Client 
Component Browser]
    ./vnr-ace-fronten
d/app/login/page.tsx 
[Client Component 
Browser]
    ./vnr-ace-fronten
d/app/login/page.tsx 
[Server Component]

  Client Component 
SSR:
    ./vnr-ace-fronten
d/components/auth-pro
vider.tsx [Client 
Component SSR]
    ./vnr-ace-fronten
d/app/login/page.tsx 
[Client Component 
SSR]
    ./vnr-ace-fronten
d/app/login/page.tsx 
[Server Component]


./vnr-ace-frontend/co
mponents/auth-provide
r.tsx:8:1
Export setToken 
doesn't exist in 
target module
[0m [90m  6 |[39m 
[36mimport[39m 
type { [33mUser[39m
[33m,[39m 
[33mUserRole[39m } 
[36mfrom[39m [32m"
@/lib/auth"[39m
 [90m  7 |[39m 
[36mimport[39m { 
mockUsers } 
[36mfrom[39m [32m"
@/lib/auth"[39m 
[90m// Import 
mockUsers for 
fallback details[39m
[31m[1m>[22m[39m
[90m  8 |[39m 
[36mimport[39m 
[33m*[39m 
[36mas[39m api 
[36mfrom[39m 
[32m"@/lib/api"[39m
 [90m    |[39m [31
m[1m^[22m[39m[31m
[1m^[22m[39m[31m
[1m^[22m[39m[31m[
1m^[22m[39m[31m[1
m^[22m[39m[31m[1m
^[22m[39m[31m[1m^
[22m[39m[31m[1m^
[22m[39m[31m[1m^[
22m[39m[31m[1m^[2
2m[39m[31m[1m^[22
m[39m[31m[1m^[22m
[39m[31m[1m^[22m
[39m[31m[1m^[22m[
39m[31m[1m^[22m[3
9m[31m[1m^[22m[39
m[31m[1m^[22m[39m
[31m[1m^[22m[39m
[31m[1m^[22m[39m[
31m[1m^[22m[39m[3
1m[1m^[22m[39m[31
m[1m^[22m[39m[31m
[1m^[22m[39m[31m
[1m^[22m[39m[31m[
1m^[22m[39m[31m[1
m^[22m[39m[31m[1m
^[22m[39m[31m[1m^
[22m[39m[31m[1m^
[22m[39m[31m[1m^[
22m[39m[31m[1m^[2
2m[39m[31m[1m^[22
m[39m
 [90m  9 |[39m
 [90m 10 |[39m 
[36minterface[39m 
[33mAuthContextType[
39m {
 [90m 11 |[39m     
user[33m:[39m 
[33mUser[39m 
[33m|[39m 
[36mnull[39m[0m

The export setToken 
was not found in 
module [project]/vnr-
ace-frontend/lib/api.
ts [app-ssr] 
(ecmascript).
Did you mean to 
import 
getExportStudentsUrl?
All exports of the 
module are 
statically known (It 
doesn't have dynamic 
exports). So it's 
known statically 
that the requested 
export doesn't exist.

Import traces:
  Server Component:
    ./vnr-ace-fronten
d/components/auth-pro
vider.tsx
    ./vnr-ace-fronten
d/app/layout.tsx

  Client Component 
Browser:
    ./vnr-ace-fronten
d/components/auth-pro
vider.tsx [Client 
Component Browser]
    ./vnr-ace-fronten
d/app/login/page.tsx 
[Client Component 
Browser]
    ./vnr-ace-fronten
d/app/login/page.tsx 
[Server Component]

  Client Component 
SSR:
    ./vnr-ace-fronten
d/components/auth-pro
vider.tsx [Client 
Component SSR]
    ./vnr-ace-fronten
d/app/login/page.tsx 
[Client Component 
SSR]
    ./vnr-ace-fronten
d/app/login/page.tsx 
[Server Component]


    at <unknown> (./v
nr-ace-frontend/app/p
lacements/dashboard/p
age.tsx:7:1)
    at <unknown> (./v
nr-ace-frontend/app/p
lacements/dashboard/p
age.tsx:7:1)
    at <unknown> (./v
nr-ace-frontend/app/p
lacements/prep/page.t
sx:6:1)
    at <unknown> (./v
nr-ace-frontend/app/p
lacements/prep/page.t
sx:6:1)
    at <unknown> (./v
nr-ace-frontend/app/p
lacements/resume/page
.tsx:6:1)
    at <unknown> (./v
nr-ace-frontend/app/p
lacements/resume/page
.tsx:6:1)
    at <unknown> (./v
nr-ace-frontend/app/p
lacements/shortlistin
g/page.tsx:6:1)
    at <unknown> (./v
nr-ace-frontend/app/p
lacements/shortlistin
g/page.tsx:6:1)
    at <unknown> (./v
nr-ace-frontend/compo
nents/admissions-chat
bot.tsx:6:1)
    at <unknown> (./v
nr-ace-frontend/compo
nents/admissions-chat
bot.tsx:6:1)
    at <unknown> (./v
nr-ace-frontend/compo
nents/classwork-chatb
ot.tsx:6:1)
    at <unknown> (./v
nr-ace-frontend/compo
nents/classwork-chatb
ot.tsx:6:1)
    at <unknown> (./v
nr-ace-frontend/compo
nents/placements-chat
bot.tsx:6:1)
    at <unknown> (./v
nr-ace-frontend/compo
nents/placements-chat
bot.tsx:6:1)
    at <unknown> (./v
nr-ace-frontend/compo
nents/classwork-chatb
ot.tsx:6:1)
    at <unknown> (./v
nr-ace-frontend/compo
nents/classwork-chatb
ot.tsx:6:1)
    at <unknown> (./v
nr-ace-frontend/compo
nents/auth-provider.t
sx:8:1)
    at <unknown> (./v
nr-ace-frontend/compo
nents/auth-provider.t
sx:8:1)
    at <unknown> (./v
nr-ace-frontend/compo
nents/auth-provider.t
sx:8:1)
    at <unknown> (./v
nr-ace-frontend/compo
nents/auth-provider.t
sx:8:1)
    at <unknown> (./v
nr-ace-frontend/compo
nents/auth-provider.t
sx:8:1)
    at <unknown> (./v
nr-ace-frontend/compo
nents/auth-provider.t
sx:8:1)
